Archive member included to satisfy reference by file (symbol)

d:/mounriver/mounriver_studio/toolchain/risc-v embedded gcc/bin/../lib/gcc/riscv-none-embed/8.2.0/rv32imacxw/ilp32\libgcc.a(save-restore.o)
                              ./User/IIC.o (__riscv_save_9)
d:/mounriver/mounriver_studio/toolchain/risc-v embedded gcc/bin/../lib/gcc/riscv-none-embed/8.2.0/../../../../riscv-none-embed/lib/rv32imacxw/ilp32\libg_nano.a(lib_a-printf.o)
                              ./User/main.o (printf)
d:/mounriver/mounriver_studio/toolchain/risc-v embedded gcc/bin/../lib/gcc/riscv-none-embed/8.2.0/../../../../riscv-none-embed/lib/rv32imacxw/ilp32\libg_nano.a(lib_a-puts.o)
                              ./User/main.o (puts)
d:/mounriver/mounriver_studio/toolchain/risc-v embedded gcc/bin/../lib/gcc/riscv-none-embed/8.2.0/../../../../riscv-none-embed/lib/rv32imacxw/ilp32\libg_nano.a(lib_a-wbuf.o)
                              d:/mounriver/mounriver_studio/toolchain/risc-v embedded gcc/bin/../lib/gcc/riscv-none-embed/8.2.0/../../../../riscv-none-embed/lib/rv32imacxw/ilp32\libg_nano.a(lib_a-puts.o) (__swbuf_r)
d:/mounriver/mounriver_studio/toolchain/risc-v embedded gcc/bin/../lib/gcc/riscv-none-embed/8.2.0/../../../../riscv-none-embed/lib/rv32imacxw/ilp32\libg_nano.a(lib_a-wsetup.o)
                              d:/mounriver/mounriver_studio/toolchain/risc-v embedded gcc/bin/../lib/gcc/riscv-none-embed/8.2.0/../../../../riscv-none-embed/lib/rv32imacxw/ilp32\libg_nano.a(lib_a-puts.o) (__swsetup_r)
d:/mounriver/mounriver_studio/toolchain/risc-v embedded gcc/bin/../lib/gcc/riscv-none-embed/8.2.0/../../../../riscv-none-embed/lib/rv32imacxw/ilp32\libg_nano.a(lib_a-fflush.o)
                              d:/mounriver/mounriver_studio/toolchain/risc-v embedded gcc/bin/../lib/gcc/riscv-none-embed/8.2.0/../../../../riscv-none-embed/lib/rv32imacxw/ilp32\libg_nano.a(lib_a-wbuf.o) (_fflush_r)
d:/mounriver/mounriver_studio/toolchain/risc-v embedded gcc/bin/../lib/gcc/riscv-none-embed/8.2.0/../../../../riscv-none-embed/lib/rv32imacxw/ilp32\libg_nano.a(lib_a-findfp.o)
                              d:/mounriver/mounriver_studio/toolchain/risc-v embedded gcc/bin/../lib/gcc/riscv-none-embed/8.2.0/../../../../riscv-none-embed/lib/rv32imacxw/ilp32\libg_nano.a(lib_a-printf.o) (__sinit)
d:/mounriver/mounriver_studio/toolchain/risc-v embedded gcc/bin/../lib/gcc/riscv-none-embed/8.2.0/../../../../riscv-none-embed/lib/rv32imacxw/ilp32\libg_nano.a(lib_a-fwalk.o)
                              d:/mounriver/mounriver_studio/toolchain/risc-v embedded gcc/bin/../lib/gcc/riscv-none-embed/8.2.0/../../../../riscv-none-embed/lib/rv32imacxw/ilp32\libg_nano.a(lib_a-findfp.o) (_fwalk)
d:/mounriver/mounriver_studio/toolchain/risc-v embedded gcc/bin/../lib/gcc/riscv-none-embed/8.2.0/../../../../riscv-none-embed/lib/rv32imacxw/ilp32\libg_nano.a(lib_a-impure.o)
                              d:/mounriver/mounriver_studio/toolchain/risc-v embedded gcc/bin/../lib/gcc/riscv-none-embed/8.2.0/../../../../riscv-none-embed/lib/rv32imacxw/ilp32\libg_nano.a(lib_a-fflush.o) (_global_impure_ptr)
d:/mounriver/mounriver_studio/toolchain/risc-v embedded gcc/bin/../lib/gcc/riscv-none-embed/8.2.0/../../../../riscv-none-embed/lib/rv32imacxw/ilp32\libg_nano.a(lib_a-makebuf.o)
                              d:/mounriver/mounriver_studio/toolchain/risc-v embedded gcc/bin/../lib/gcc/riscv-none-embed/8.2.0/../../../../riscv-none-embed/lib/rv32imacxw/ilp32\libg_nano.a(lib_a-wsetup.o) (__smakebuf_r)
d:/mounriver/mounriver_studio/toolchain/risc-v embedded gcc/bin/../lib/gcc/riscv-none-embed/8.2.0/../../../../riscv-none-embed/lib/rv32imacxw/ilp32\libg_nano.a(lib_a-memset.o)
                              d:/mounriver/mounriver_studio/toolchain/risc-v embedded gcc/bin/../lib/gcc/riscv-none-embed/8.2.0/../../../../riscv-none-embed/lib/rv32imacxw/ilp32\libg_nano.a(lib_a-findfp.o) (memset)
d:/mounriver/mounriver_studio/toolchain/risc-v embedded gcc/bin/../lib/gcc/riscv-none-embed/8.2.0/../../../../riscv-none-embed/lib/rv32imacxw/ilp32\libg_nano.a(lib_a-nano-freer.o)
                              d:/mounriver/mounriver_studio/toolchain/risc-v embedded gcc/bin/../lib/gcc/riscv-none-embed/8.2.0/../../../../riscv-none-embed/lib/rv32imacxw/ilp32\libg_nano.a(lib_a-wsetup.o) (_free_r)
d:/mounriver/mounriver_studio/toolchain/risc-v embedded gcc/bin/../lib/gcc/riscv-none-embed/8.2.0/../../../../riscv-none-embed/lib/rv32imacxw/ilp32\libg_nano.a(lib_a-nano-mallocr.o)
                              d:/mounriver/mounriver_studio/toolchain/risc-v embedded gcc/bin/../lib/gcc/riscv-none-embed/8.2.0/../../../../riscv-none-embed/lib/rv32imacxw/ilp32\libg_nano.a(lib_a-findfp.o) (_malloc_r)
d:/mounriver/mounriver_studio/toolchain/risc-v embedded gcc/bin/../lib/gcc/riscv-none-embed/8.2.0/../../../../riscv-none-embed/lib/rv32imacxw/ilp32\libg_nano.a(lib_a-nano-vfprintf.o)
[...]
Memory Configuration

Name             Origin             Length             Attributes
FLASH            0x0000000000000000 0x0000000000048000 xr
RAM              0x0000000020000000 0x0000000000008000 xrw
*default*        0x0000000000000000 0xffffffffffffffff

Linker script and memory map

LOAD ./User/AP3216C.o
LOAD ./User/IIC.o
LOAD ./User/ch32v30x_it.o
LOAD ./User/main.o
LOAD ./User/system_ch32v30x.o
LOAD ./Startup/startup_ch32v30x_D8C.o
LOAD ./Peripheral/src/ch32v30x_adc.o
LOAD ./Peripheral/src/ch32v30x_bkp.o
LOAD ./Peripheral/src/ch32v30x_can.o
LOAD ./Peripheral/src/ch32v30x_crc.o
LOAD ./Peripheral/src/ch32v30x_dac.o
LOAD ./Peripheral/src/ch32v30x_dbgmcu.o
LOAD ./Peripheral/src/ch32v30x_dma.o
LOAD ./Peripheral/src/ch32v30x_dvp.o
LOAD ./Peripheral/src/ch32v30x_eth.o
LOAD ./Peripheral/src/ch32v30x_exti.o
LOAD ./Peripheral/src/ch32v30x_flash.o
LOAD ./Peripheral/src/ch32v30x_fsmc.o
LOAD ./Peripheral/src/ch32v30x_gpio.o
LOAD ./Peripheral/src/ch32v30x_i2c.o
LOAD ./Peripheral/src/ch32v30x_iwdg.o
LOAD ./Peripheral/src/ch32v30x_misc.o
LOAD ./Peripheral/src/ch32v30x_opa.o
LOAD ./Peripheral/src/ch32v30x_pwr.o
LOAD ./Peripheral/src/ch32v30x_rcc.o
LOAD ./Peripheral/src/ch32v30x_rng.o
LOAD ./Peripheral/src/ch32v30x_rtc.o
LOAD ./Peripheral/src/ch32v30x_sdio.o
LOAD ./Peripheral/src/ch32v30x_spi.o
LOAD ./Peripheral/src/ch32v30x_tim.o
LOAD ./Peripheral/src/ch32v30x_usart.o
LOAD ./Peripheral/src/ch32v30x_wwdg.o
LOAD ./Debug/debug.o
LOAD ./Core/core_riscv.o
LOAD d:/mounriver/mounriver_studio/toolchain/risc-v embedded gcc/bin/../lib/gcc/riscv-none-embed/8.2.0/../../../../riscv-none-embed/lib/rv32imacxw/ilp32\libm.a
LOAD d:/mounriver/mounriver_studio/toolchain/risc-v embedded gcc/bin/../lib/gcc/riscv-none-embed/8.2.0/rv32imacxw/ilp32\libgcc.a
LOAD d:/mounriver/mounriver_studio/toolchain/risc-v embedded gcc/bin/../lib/gcc/riscv-none-embed/8.2.0/../../../../riscv-none-embed/lib/rv32imacxw/ilp32\libg_nano.a
LOAD d:/mounriver/mounriver_studio/toolchain/risc-v embedded gcc/bin/../lib/gcc/riscv-none-embed/8.2.0/../../../../riscv-none-embed/lib/rv32imacxw/ilp32\libc_nano.a
LOAD d:/mounriver/mounriver_studio/toolchain/risc-v embedded gcc/bin/../lib/gcc/riscv-none-embed/8.2.0/rv32imacxw/ilp32\libgcc.a
START GROUP
LOAD d:/mounriver/mounriver_studio/toolchain/risc-v embedded gcc/bin/../lib/gcc/riscv-none-embed/8.2.0/rv32imacxw/ilp32\libgcc.a
LOAD d:/mounriver/mounriver_studio/toolchain/risc-v embedded gcc/bin/../lib/gcc/riscv-none-embed/8.2.0/../../../../riscv-none-embed/lib/rv32imacxw/ilp32\libc_nano.a
LOAD d:/mounriver/mounriver_studio/toolchain/risc-v embedded gcc/bin/../lib/gcc/riscv-none-embed/8.2.0/../../../../riscv-none-embed/lib/rv32imacxw/ilp32\libnosys.a
END GROUP
START GROUP
LOAD d:/mounriver/mounriver_studio/toolchain/risc-v embedded gcc/bin/../lib/gcc/riscv-none-embed/8.2.0/rv32imacxw/ilp32\libgcc.a
LOAD d:/mounriver/mounriver_studio/toolchain/risc-v embedded gcc/bin/../lib/gcc/riscv-none-embed/8.2.0/../../../../riscv-none-embed/lib/rv32imacxw/ilp32\libc_nano.a
LOAD d:/mounriver/mounriver_studio/toolchain/risc-v embedded gcc/bin/../lib/gcc/riscv-none-embed/8.2.0/../../../../riscv-none-embed/lib/rv32imacxw/ilp32\libnosys.a
END GROUP
                0x0000000000000800                __stack_size = 0x800
                [!provide]                        PROVIDE (_stack_size = __stack_size)

.init           0x0000000000000000       0x38
                0x0000000000000000                _sinit = .
                0x0000000000000000                . = ALIGN (0x4)
 *(SORT_NONE(.init))
 .init          0x0000000000000000       0x38 ./Startup/startup_ch32v30x_D8C.o
                0x0000000000000000                _start
                0x0000000000000038                . = ALIGN (0x4)
                0x0000000000000038                _einit = .

.vector         0x0000000000000038      0x1c8
 *(.vector)
 .vector        0x0000000000000038      0x1a0 ./Startup/startup_ch32v30x_D8C.o
                0x0000000000000200                . = ALIGN (0x40)
 *fill*         0x00000000000001d8       0x28 

.text           0x0000000000000200     0x205c
                0x0000000000000200                . = ALIGN (0x4)
 *(.text)
 .text          0x0000000000000200       0x60 d:/mounriver/mounriver_studio/toolchain/risc-v embedded gcc/bin/../lib/gcc/riscv-none-embed/8.2.0/rv32imacxw/ilp32\libgcc.a(save-restore.o)
                0x0000000000000200                __riscv_save_12
                0x0000000000000208                __riscv_save_9
                0x0000000000000208                __riscv_save_11
                0x0000000000000208                __riscv_save_10
                0x0000000000000208                __riscv_save_8
                0x0000000000000216                __riscv_save_4
                0x0000000000000216                __riscv_save_6
                0x0000000000000216                __riscv_save_5
                0x0000000000000216                __riscv_save_7
                0x0000000000000230                __riscv_save_3
                0x0000000000000230                __riscv_save_2
                0x0000000000000230                __riscv_save_1
                0x0000000000000230                __riscv_save_0
                0x000000000000023c                __riscv_restore_12
                0x0000000000000240                __riscv_restore_11
                0x0000000000000240                __riscv_restore_9
                0x0000000000000240                __riscv_restore_10
                0x0000000000000240                __riscv_restore_8
                0x000000000000024a                __riscv_restore_5
                0x000000000000024a                __riscv_restore_7
                0x000000000000024a                __riscv_restore_6
                0x000000000000024a                __riscv_restore_4
                0x0000000000000254                __riscv_restore_3
                0x0000000000000254                __riscv_restore_0
                0x0000000000000254                __riscv_restore_2
                0x0000000000000254                __riscv_restore_1
 .text          0x0000000000000260       0xa8 d:/mounriver/mounriver_studio/toolchain/risc-v embedded gcc/bin/../lib/gcc/riscv-none-embed/8.2.0/../../../../riscv-none-embed/lib/rv32imacxw/ilp32\libg_nano.a(lib_a-memset.o)
                0x0000000000000260                memset
 *(.text.*)
 .text.AP3216C_Init
                0x0000000000000308       0x2a ./User/AP3216C.o
                0x0000000000000308                AP3216C_Init
 .text.AP3216C_ReadData
                0x0000000000000332       0x76 ./User/AP3216C.o
                0x0000000000000332                AP3216C_ReadData
 .text.IIC2_Init
                0x00000000000003a8       0x80 ./User/IIC.o
                0x00000000000003a8                IIC2_Init
 .text.IIC_WaitEvent
                0x0000000000000428       0x26 ./User/IIC.o
                0x0000000000000428                IIC_WaitEvent
 .text.IIC2_ReadByte
                0x000000000000044e       0xd4 ./User/IIC.o
                0x000000000000044e                IIC2_ReadByte
 .text.IIC2_WriteByte
                0x0000000000000522       0x90 ./User/IIC.o
                0x0000000000000522                IIC2_WriteByte
 .text.NMI_Handler
                0x00000000000005b2        0x4 ./User/ch32v30x_it.o
                0x00000000000005b2                NMI_Handler
 .text.HardFault_Handler
                0x00000000000005b6        0x2 ./User/ch32v30x_it.o
                0x00000000000005b6                HardFault_Handler
 .text.startup.main
                0x00000000000005b8       0xaa ./User/main.o
                0x00000000000005b8                main
 .text.SystemInit
                0x0000000000000662       0xfa ./User/system_ch32v30x.o
                0x0000000000000662                SystemInit
 .text.SystemCoreClockUpdate
                0x000000000000075c       0xbe ./User/system_ch32v30x.o
                0x000000000000075c                SystemCoreClockUpdate
 .text.vector_handler
                0x000000000000081a       0xbe ./Startup/startup_ch32v30x_D8C.o
                0x000000000000081e                Ecall_M_Mode_Handler
                0x0000000000000820                Ecall_U_Mode_Handler
                0x0000000000000822                Break_Point_Handler
                0x0000000000000824                SysTick_Handler
                0x0000000000000826                SW_Handler
                0x0000000000000828                WWDG_IRQHandler
                0x000000000000082a                PVD_IRQHandler
                0x000000000000082c                TAMPER_IRQHandler
                0x000000000000082e                RTC_IRQHandler
                0x0000000000000830                FLASH_IRQHandler
                0x0000000000000832                RCC_IRQHandler
                0x0000000000000834                EXTI0_IRQHandler
                0x0000000000000836                EXTI1_IRQHandler
                0x0000000000000838                EXTI2_IRQHandler
                0x000000000000083a                EXTI3_IRQHandler
                0x000000000000083c                EXTI4_IRQHandler
                0x000000000000083e                DMA1_Channel1_IRQHandler
                0x0000000000000840                DMA1_Channel2_IRQHandler
                0x0000000000000842                DMA1_Channel3_IRQHandler
                0x0000000000000844                DMA1_Channel4_IRQHandler
                0x0000000000000846                DMA1_Channel5_IRQHandler
                0x0000000000000848                DMA1_Channel6_IRQHandler
                0x000000000000084a                DMA1_Channel7_IRQHandler
                0x000000000000084c                ADC1_2_IRQHandler
                0x000000000000084e                USB_HP_CAN1_TX_IRQHandler
                0x0000000000000850                USB_LP_CAN1_RX0_IRQHandler
                0x0000000000000852                CAN1_RX1_IRQHandler
                0x0000000000000854                CAN1_SCE_IRQHandler
                0x0000000000000856                EXTI9_5_IRQHandler
                0x0000000000000858                TIM1_BRK_IRQHandler
                0x000000000000085a                TIM1_UP_IRQHandler
                0x000000000000085c                TIM1_TRG_COM_IRQHandler
                0x000000000000085e                TIM1_CC_IRQHandler
                0x0000000000000860                TIM2_IRQHandler
                0x0000000000000862                TIM3_IRQHandler
                0x0000000000000864                TIM4_IRQHandler
                0x0000000000000866                I2C1_EV_IRQHandler
                0x0000000000000868                I2C1_ER_IRQHandler
                0x000000000000086a                I2C2_EV_IRQHandler
                0x000000000000086c                I2C2_ER_IRQHandler
                0x000000000000086e                SPI1_IRQHandler
                0x0000000000000870                SPI2_IRQHandler
                0x0000000000000872                USART1_IRQHandler
                0x0000000000000874                USART2_IRQHandler
                0x0000000000000876                USART3_IRQHandler
                0x0000000000000878                EXTI15_10_IRQHandler
                0x000000000000087a                RTCAlarm_IRQHandler
                0x000000000000087c                USBWakeUp_IRQHandler
                0x000000000000087e                TIM8_BRK_IRQHandler
                0x0000000000000880                TIM8_UP_IRQHandler
                0x0000000000000882                TIM8_TRG_COM_IRQHandler
                0x0000000000000884                TIM8_CC_IRQHandler
                0x0000000000000886                RNG_IRQHandler
                0x0000000000000888                FSMC_IRQHandler
                0x000000000000088a                SDIO_IRQHandler
                0x000000000000088c                TIM5_IRQHandler
                0x000000000000088e                SPI3_IRQHandler
                0x0000000000000890                UART4_IRQHandler
                0x0000000000000892                UART5_IRQHandler
                0x0000000000000894                TIM6_IRQHandler
                0x0000000000000896                TIM7_IRQHandler
                0x0000000000000898                DMA2_Channel1_IRQHandler
                0x000000000000089a                DMA2_Channel2_IRQHandler
                0x000000000000089c                DMA2_Channel3_IRQHandler
                0x000000000000089e                DMA2_Channel4_IRQHandler
                0x00000000000008a0                DMA2_Channel5_IRQHandler
                0x00000000000008a2                ETH_IRQHandler
                0x00000000000008a4                ETH_WKUP_IRQHandler
                0x00000000000008a6                CAN2_TX_IRQHandler
                0x00000000000008a8                CAN2_RX0_IRQHandler
                0x00000000000008aa                CAN2_RX1_IRQHandler
                0x00000000000008ac                CAN2_SCE_IRQHandler
                0x00000000000008ae                OTG_FS_IRQHandler
                0x00000000000008b0                USBHSWakeup_IRQHandler
                0x00000000000008b2                USBHS_IRQHandler
                0x00000000000008b4                DVP_IRQHandler
                0x00000000000008b6                UART6_IRQHandler
                0x00000000000008b8                UART7_IRQHandler
                0x00000000000008ba                UART8_IRQHandler
                0x00000000000008bc                TIM9_BRK_IRQHandler
                0x00000000000008be                TIM9_UP_IRQHandler
                0x00000000000008c0                TIM9_TRG_COM_IRQHandler
                0x00000000000008c2                TIM9_CC_IRQHandler
                0x00000000000008c4                TIM10_BRK_IRQHandler
                0x00000000000008c6                TIM10_UP_IRQHandler
                0x00000000000008c8                TIM10_TRG_COM_IRQHandler
                0x00000000000008ca                TIM10_CC_IRQHandler
                0x00000000000008cc                DMA2_Channel6_IRQHandler
                0x00000000000008ce                DMA2_Channel7_IRQHandler
                0x00000000000008d0                DMA2_Channel8_IRQHandler
                0x00000000000008d2                DMA2_Channel9_IRQHandler
                0x00000000000008d4                DMA2_Channel10_IRQHandler
                0x00000000000008d6                DMA2_Channel11_IRQHandler
 .text.handle_reset
                0x00000000000008d8       0x8a ./Startup/startup_ch32v30x_D8C.o
                0x00000000000008d8                handle_reset
 .text.DBGMCU_GetCHIPID
                0x0000000000000962        0xa ./Peripheral/src/ch32v30x_dbgmcu.o
                0x0000000000000962                DBGMCU_GetCHIPID
 .text.GPIO_Init
                0x000000000000096c       0xc0 ./Peripheral/src/ch32v30x_gpio.o
                0x000000000000096c                GPIO_Init
 .text.I2C_Init
                0x0000000000000a2c       0xf2 ./Peripheral/src/ch32v30x_i2c.o
                0x0000000000000a2c                I2C_Init
 .text.I2C_Cmd  0x0000000000000b1e       0x18 ./Peripheral/src/ch32v30x_i2c.o
                0x0000000000000b1e                I2C_Cmd
 .text.I2C_GenerateSTART
                0x0000000000000b36       0x1a ./Peripheral/src/ch32v30x_i2c.o
                0x0000000000000b36                I2C_GenerateSTART
 .text.I2C_GenerateSTOP
                0x0000000000000b50       0x1a ./Peripheral/src/ch32v30x_i2c.o
                0x0000000000000b50                I2C_GenerateSTOP
 .text.I2C_AcknowledgeConfig
                0x0000000000000b6a       0x1a ./Peripheral/src/ch32v30x_i2c.o
                0x0000000000000b6a                I2C_AcknowledgeConfig
 .text.I2C_SendData
                0x0000000000000b84        0x4 ./Peripheral/src/ch32v30x_i2c.o
                0x0000000000000b84                I2C_SendData
 .text.I2C_ReceiveData
                0x0000000000000b88        0x8 ./Peripheral/src/ch32v30x_i2c.o
                0x0000000000000b88                I2C_ReceiveData
 .text.I2C_Send7bitAddress
                0x0000000000000b90       0x12 ./Peripheral/src/ch32v30x_i2c.o
                0x0000000000000b90                I2C_Send7bitAddress
 .text.I2C_CheckEvent
                0x0000000000000ba2       0x16 ./Peripheral/src/ch32v30x_i2c.o
                0x0000000000000ba2                I2C_CheckEvent
 .text.I2C_GetFlagStatus
                0x0000000000000bb8       0x32 ./Peripheral/src/ch32v30x_i2c.o
                0x0000000000000bb8                I2C_GetFlagStatus
 .text.NVIC_PriorityGroupConfig
                0x0000000000000bea        0x6 ./Peripheral/src/ch32v30x_misc.o
                0x0000000000000bea                NVIC_PriorityGroupConfig
 .text.RCC_GetClocksFreq
                0x0000000000000bf0      0x176 ./Peripheral/src/ch32v30x_rcc.o
                0x0000000000000bf0                RCC_GetClocksFreq
 .text.RCC_APB2PeriphClockCmd
                0x0000000000000d66       0x1e ./Peripheral/src/ch32v30x_rcc.o
                0x0000000000000d66                RCC_APB2PeriphClockCmd
 .text.RCC_APB1PeriphClockCmd
                0x0000000000000d84       0x1e ./Peripheral/src/ch32v30x_rcc.o
                0x0000000000000d84                RCC_APB1PeriphClockCmd
 .text.USART_Init
                0x0000000000000da2       0xba ./Peripheral/src/ch32v30x_usart.o
                0x0000000000000da2                USART_Init
 .text.USART_Cmd
                0x0000000000000e5c       0x16 ./Peripheral/src/ch32v30x_usart.o
                0x0000000000000e5c                USART_Cmd
 .text.USART_SendData
                0x0000000000000e72        0x8 ./Peripheral/src/ch32v30x_usart.o
                0x0000000000000e72                USART_SendData
 .text.USART_GetFlagStatus
                0x0000000000000e7a        0xa ./Peripheral/src/ch32v30x_usart.o
                0x0000000000000e7a                USART_GetFlagStatus
 .text.Delay_Init
                0x0000000000000e84       0x2a ./Debug/debug.o
                0x0000000000000e84                Delay_Init
 .text.Delay_Ms
                0x0000000000000eae       0x36 ./Debug/debug.o
                0x0000000000000eae                Delay_Ms
 .text.USART_Printf_Init
                0x0000000000000ee4       0x52 ./Debug/debug.o
                0x0000000000000ee4                USART_Printf_Init
 .text._write   0x0000000000000f36       0x3a ./Debug/debug.o
                0x0000000000000f36                _write
 .text._sbrk    0x0000000000000f70       0x26 ./Debug/debug.o
                0x0000000000000f70                _sbrk
 .text.printf   0x0000000000000f96       0x40 d:/mounriver/mounriver_studio/toolchain/risc-v embedded gcc/bin/../lib/gcc/riscv-none-embed/8.2.0/../../../../riscv-none-embed/lib/rv32imacxw/ilp32\libg_nano.a(lib_a-printf.o)
                0x0000000000000f96                iprintf
                0x0000000000000f96                printf
 .text._puts_r  0x0000000000000fd6       0xd4 d:/mounriver/mounriver_studio/toolchain/risc-v embedded gcc/bin/../lib/gcc/riscv-none-embed/8.2.0/../../../../riscv-none-embed/lib/rv32imacxw/ilp32\libg_nano.a(lib_a-puts.o)
                0x0000000000000fd6                _puts_r
 .text.puts     0x00000000000010aa        0xa d:/mounriver/mounriver_studio/toolchain/risc-v embedded gcc/bin/../lib/gcc/riscv-none-embed/8.2.0/../../../../riscv-none-embed/lib/rv32imacxw/ilp32\libg_nano.a(lib_a-puts.o)
                0x00000000000010aa                puts
 .text.__swbuf_r
                0x00000000000010b4       0xbc d:/mounriver/mounriver_studio/toolchain/risc-v embedded gcc/bin/../lib/gcc/riscv-none-embed/8.2.0/../../../../riscv-none-embed/lib/rv32imacxw/ilp32\libg_nano.a(lib_a-wbuf.o)
                0x00000000000010b4                __swbuf_r
 .text.__swsetup_r
                0x0000000000001170       0xfc d:/mounriver/mounriver_studio/toolchain/risc-v embedded gcc/bin/../lib/gcc/riscv-none-embed/8.2.0/../../../../riscv-none-embed/lib/rv32imacxw/ilp32\libg_nano.a(lib_a-wsetup.o)
                0x0000000000001170                __swsetup_r
 .text.__sflush_r
                0x000000000000126c      0x130 d:/mounriver/mounriver_studio/toolchain/risc-v embedded gcc/bin/../lib/gcc/riscv-none-embed/8.2.0/../../../../riscv-none-embed/lib/rv32imacxw/ilp32\libg_nano.a(lib_a-fflush.o)
                0x000000000000126c                __sflush_r
 .text._fflush_r
                0x000000000000139c       0x64 d:/mounriver/mounriver_studio/toolchain/risc-v embedded gcc/bin/../lib/gcc/riscv-none-embed/8.2.0/../../../../riscv-none-embed/lib/rv32imacxw/ilp32\libg_nano.a(lib_a-fflush.o)
                0x000000000000139c                _fflush_r
 .text.std      0x0000000000001400       0x66 d:/mounriver/mounriver_studio/toolchain/risc-v embedded gcc/bin/../lib/gcc/riscv-none-embed/8.2.0/../../../../riscv-none-embed/lib/rv32imacxw/ilp32\libg_nano.a(lib_a-findfp.o)
 .text._cleanup_r
                0x0000000000001466        0xa d:/mounriver/mounriver_studio/toolchain/risc-v embedded gcc/bin/../lib/gcc/riscv-none-embed/8.2.0/../../../../riscv-none-embed/lib/rv32imacxw/ilp32\libg_nano.a(lib_a-findfp.o)
                0x0000000000001466                _cleanup_r
 .text.__sfmoreglue
                0x0000000000001470       0x46 d:/mounriver/mounriver_studio/toolchain/risc-v embedded gcc/bin/../lib/gcc/riscv-none-embed/8.2.0/../../../../riscv-none-embed/lib/rv32imacxw/ilp32\libg_nano.a(lib_a-findfp.o)
                0x0000000000001470                __sfmoreglue
 .text.__sinit  0x00000000000014b6       0x66 d:/mounriver/mounriver_studio/toolchain/risc-v embedded gcc/bin/../lib/gcc/riscv-none-embed/8.2.0/../../../../riscv-none-embed/lib/rv32imacxw/ilp32\libg_nano.a(lib_a-findfp.o)
                0x00000000000014b6                __sinit
 .text.__sfp    0x000000000000151c       0x9c d:/mounriver/mounriver_studio/toolchain/risc-v embedded gcc/bin/../lib/gcc/riscv-none-embed/8.2.0/../../../../riscv-none-embed/lib/rv32imacxw/ilp32\libg_nano.a(lib_a-findfp.o)
                0x000000000000151c                __sfp
 .text._fwalk_reent
                0x00000000000015b8       0x6a d:/mounriver/mounriver_studio/toolchain/risc-v embedded gcc/bin/../lib/gcc/riscv-none-embed/8.2.0/../../../../riscv-none-embed/lib/rv32imacxw/ilp32\libg_nano.a(lib_a-fwalk.o)
                0x00000000000015b8                _fwalk_reent
 .text.__swhatbuf_r
                0x0000000000001622       0x58 d:/mounriver/mounriver_studio/toolchain/risc-v embedded gcc/bin/../lib/gcc/riscv-none-embed/8.2.0/../../../../riscv-none-embed/lib/rv32imacxw/ilp32\libg_nano.a(lib_a-makebuf.o)
                0x0000000000001622                __swhatbuf_r
 .text.__smakebuf_r
                0x000000000000167a       0x90 d:/mounriver/mounriver_studio/toolchain/risc-v embedded gcc/bin/../lib/gcc/riscv-none-embed/8.2.0/../../../../riscv-none-embed/lib/rv32imacxw/ilp32\libg_nano.a(lib_a-makebuf.o)
                0x000000000000167a                __smakebuf_r
 .text._free_r  0x000000000000170a       0xa8 d:/mounriver/mounriver_studio/toolchain/risc-v embedded gcc/bin/../lib/gcc/riscv-none-embed/8.2.0/../../../../riscv-none-embed/lib/rv32imacxw/ilp32\libg_nano.a(lib_a-nano-freer.o)
                0x000000000000170a                _free_r
 .text._malloc_r
                0x00000000000017b2       0xd4 d:/mounriver/mounriver_studio/toolchain/risc-v embedded gcc/bin/../lib/gcc/riscv-none-embed/8.2.0/../../../../riscv-none-embed/lib/rv32imacxw/ilp32\libg_nano.a(lib_a-nano-mallocr.o)
                0x00000000000017b2                _malloc_r
 .text.__sfputc_r
                0x0000000000001886       0x28 d:/mounriver/mounriver_studio/toolchain/risc-v embedded gcc/bin/../lib/gcc/riscv-none-embed/8.2.0/../../../../riscv-none-embed/lib/rv32imacxw/ilp32\libg_nano.a(lib_a-nano-vfprintf.o)
 .text.__sfputs_r
                0x00000000000018ae       0x40 d:/mounriver/mounriver_studio/toolchain/risc-v embedded gcc/bin/../lib/gcc/riscv-none-embed/8.2.0/../../../../riscv-none-embed/lib/rv32imacxw/ilp32\libg_nano.a(lib_a-nano-vfprintf.o)
                0x00000000000018ae                __sfputs_r
 .text._vfprintf_r
                0x00000000000018ee      0x284 d:/mounriver/mounriver_studio/toolchain/risc-v embedded gcc/bin/../lib/gcc/riscv-none-embed/8.2.0/../../../../riscv-none-embed/lib/rv32imacxw/ilp32\libg_nano.a(lib_a-nano-vfprintf.o)
                0x00000000000018ee                _vfprintf_r
                0x00000000000018ee                _vfiprintf_r
 .text._printf_common
                0x0000000000001b72      0x10c d:/mounriver/mounriver_studio/toolchain/risc-v embedded gcc/bin/../lib/gcc/riscv-none-embed/8.2.0/../../../../riscv-none-embed/lib/rv32imacxw/ilp32\libg_nano.a(lib_a-nano-vfprintf_i.o)
                0x0000000000001b72                _printf_common
 .text._printf_i
                0x0000000000001c7e      0x2a0 d:/mounriver/mounriver_studio/toolchain/risc-v embedded gcc/bin/../lib/gcc/riscv-none-embed/8.2.0/../../../../riscv-none-embed/lib/rv32imacxw/ilp32\libg_nano.a(lib_a-nano-vfprintf_i.o)
                0x0000000000001c7e                _printf_i
 .text._sbrk_r  0x0000000000001f1e       0x2a d:/mounriver/mounriver_studio/toolchain/risc-v embedded gcc/bin/../lib/gcc/riscv-none-embed/8.2.0/../../../../riscv-none-embed/lib/rv32imacxw/ilp32\libg_nano.a(lib_a-sbrkr.o)
                0x0000000000001f1e                _sbrk_r
 .text.__sread  0x0000000000001f48       0x2c d:/mounriver/mounriver_studio/toolchain/risc-v embedded gcc/bin/../lib/gcc/riscv-none-embed/8.2.0/../../../../riscv-none-embed/lib/rv32imacxw/ilp32\libg_nano.a(lib_a-stdio.o)
                0x0000000000001f48                __sread
 .text.__swrite
                0x0000000000001f74       0x48 d:/mounriver/mounriver_studio/toolchain/risc-v embedded gcc/bin/../lib/gcc/riscv-none-embed/8.2.0/../../../../riscv-none-embed/lib/rv32imacxw/ilp32\libg_nano.a(lib_a-stdio.o)
                0x0000000000001f74                __swrite
 .text.__sseek  0x0000000000001fbc       0x30 d:/mounriver/mounriver_studio/toolchain/risc-v embedded gcc/bin/../lib/gcc/riscv-none-embed/8.2.0/../../../../riscv-none-embed/lib/rv32imacxw/ilp32\libg_nano.a(lib_a-stdio.o)
                0x0000000000001fbc                __sseek
 .text.__sclose
                0x0000000000001fec        0x6 d:/mounriver/mounriver_studio/toolchain/risc-v embedded gcc/bin/../lib/gcc/riscv-none-embed/8.2.0/../../../../riscv-none-embed/lib/rv32imacxw/ilp32\libg_nano.a(lib_a-stdio.o)
                0x0000000000001fec                __sclose
 .text._write_r
                0x0000000000001ff2       0x2e d:/mounriver/mounriver_studio/toolchain/risc-v embedded gcc/bin/../lib/gcc/riscv-none-embed/8.2.0/../../../../riscv-none-embed/lib/rv32imacxw/ilp32\libg_nano.a(lib_a-writer.o)
                0x0000000000001ff2                _write_r
 .text._close_r
                0x0000000000002020       0x28 d:/mounriver/mounriver_studio/toolchain/risc-v embedded gcc/bin/../lib/gcc/riscv-none-embed/8.2.0/../../../../riscv-none-embed/lib/rv32imacxw/ilp32\libg_nano.a(lib_a-closer.o)
                0x0000000000002020                _close_r
 .text._fstat_r
                0x0000000000002048       0x2a d:/mounriver/mounriver_studio/toolchain/risc-v embedded gcc/bin/../lib/gcc/riscv-none-embed/8.2.0/../../../../riscv-none-embed/lib/rv32imacxw/ilp32\libg_nano.a(lib_a-fstatr.o)
                0x0000000000002048                _fstat_r
 .text._isatty_r
                0x0000000000002072       0x28 d:/mounriver/mounriver_studio/toolchain/risc-v embedded gcc/bin/../lib/gcc/riscv-none-embed/8.2.0/../../../../riscv-none-embed/lib/rv32imacxw/ilp32\libg_nano.a(lib_a-isattyr.o)
                0x0000000000002072                _isatty_r
 .text._lseek_r
                0x000000000000209a       0x2c d:/mounriver/mounriver_studio/toolchain/risc-v embedded gcc/bin/../lib/gcc/riscv-none-embed/8.2.0/../../../../riscv-none-embed/lib/rv32imacxw/ilp32\libg_nano.a(lib_a-lseekr.o)
                0x000000000000209a                _lseek_r
 .text.memchr   0x00000000000020c6       0x18 d:/mounriver/mounriver_studio/toolchain/risc-v embedded gcc/bin/../lib/gcc/riscv-none-embed/8.2.0/../../../../riscv-none-embed/lib/rv32imacxw/ilp32\libg_nano.a(lib_a-memchr.o)
                0x00000000000020c6                memchr
 .text.__malloc_lock
                0x00000000000020de        0x2 d:/mounriver/mounriver_studio/toolchain/risc-v embedded gcc/bin/../lib/gcc/riscv-none-embed/8.2.0/../../../../riscv-none-embed/lib/rv32imacxw/ilp32\libg_nano.a(lib_a-mlock.o)
                0x00000000000020de                __malloc_lock
 .text.__malloc_unlock
                0x00000000000020e0        0x2 d:/mounriver/mounriver_studio/toolchain/risc-v embedded gcc/bin/../lib/gcc/riscv-none-embed/8.2.0/../../../../riscv-none-embed/lib/rv32imacxw/ilp32\libg_nano.a(lib_a-mlock.o)
                0x00000000000020e0                __malloc_unlock
 .text._read_r  0x00000000000020e2       0x2c d:/mounriver/mounriver_studio/toolchain/risc-v embedded gcc/bin/../lib/gcc/riscv-none-embed/8.2.0/../../../../riscv-none-embed/lib/rv32imacxw/ilp32\libg_nano.a(lib_a-readr.o)
                0x00000000000020e2                _read_r
 .text._close   0x000000000000210e        0xc d:/mounriver/mounriver_studio/toolchain/risc-v embedded gcc/bin/../lib/gcc/riscv-none-embed/8.2.0/../../../../riscv-none-embed/lib/rv32imacxw/ilp32\libnosys.a(close.o)
                0x000000000000210e                _close
 .text._fstat   0x000000000000211a        0xc d:/mounriver/mounriver_studio/toolchain/risc-v embedded gcc/bin/../lib/gcc/riscv-none-embed/8.2.0/../../../../riscv-none-embed/lib/rv32imacxw/ilp32\libnosys.a(fstat.o)
                0x000000000000211a                _fstat
 .text._isatty  0x0000000000002126        0xc d:/mounriver/mounriver_studio/toolchain/risc-v embedded gcc/bin/../lib/gcc/riscv-none-embed/8.2.0/../../../../riscv-none-embed/lib/rv32imacxw/ilp32\libnosys.a(isatty.o)
                0x0000000000002126                _isatty
 .text._lseek   0x0000000000002132        0xc d:/mounriver/mounriver_studio/toolchain/risc-v embedded gcc/bin/../lib/gcc/riscv-none-embed/8.2.0/../../../../riscv-none-embed/lib/rv32imacxw/ilp32\libnosys.a(lseek.o)
                0x0000000000002132                _lseek
 .text._read    0x000000000000213e        0xc d:/mounriver/mounriver_studio/toolchain/risc-v embedded gcc/bin/../lib/gcc/riscv-none-embed/8.2.0/../../../../riscv-none-embed/lib/rv32imacxw/ilp32\libnosys.a(read.o)
                0x000000000000213e                _read
 *(.rodata)
 *(.rodata*)
 *fill*         0x000000000000214a        0x2 
 .rodata.main.str1.4
                0x000000000000214c       0x74 ./User/main.o
 .rodata.__sf_fake_stderr
                0x00000000000021c0       0x20 d:/mounriver/mounriver_studio/toolchain/risc-v embedded gcc/bin/../lib/gcc/riscv-none-embed/8.2.0/../../../../riscv-none-embed/lib/rv32imacxw/ilp32\libg_nano.a(lib_a-findfp.o)
                0x00000000000021c0                __sf_fake_stderr
 .rodata.__sf_fake_stdin
                0x00000000000021e0       0x20 d:/mounriver/mounriver_studio/toolchain/risc-v embedded gcc/bin/../lib/gcc/riscv-none-embed/8.2.0/../../../../riscv-none-embed/lib/rv32imacxw/ilp32\libg_nano.a(lib_a-findfp.o)
                0x00000000000021e0                __sf_fake_stdin
 .rodata.__sf_fake_stdout
                0x0000000000002200       0x20 d:/mounriver/mounriver_studio/toolchain/risc-v embedded gcc/bin/../lib/gcc/riscv-none-embed/8.2.0/../../../../riscv-none-embed/lib/rv32imacxw/ilp32\libg_nano.a(lib_a-findfp.o)
                0x0000000000002200                __sf_fake_stdout
 .rodata._vfprintf_r.str1.4
                0x0000000000002220       0x13 d:/mounriver/mounriver_studio/toolchain/risc-v embedded gcc/bin/../lib/gcc/riscv-none-embed/8.2.0/../../../../riscv-none-embed/lib/rv32imacxw/ilp32\libg_nano.a(lib_a-nano-vfprintf.o)
 *fill*         0x0000000000002233        0x1 
 .rodata._printf_i.str1.4
                0x0000000000002234       0x28 d:/mounriver/mounriver_studio/toolchain/risc-v embedded gcc/bin/../lib/gcc/riscv-none-embed/8.2.0/../../../../riscv-none-embed/lib/rv32imacxw/ilp32\libg_nano.a(lib_a-nano-vfprintf_i.o)
                                         0x25 (size before relaxing)
 *(.gnu.linkonce.t.*)
                0x000000000000225c                . = ALIGN (0x4)

.rela.dyn       0x000000000000225c        0x0
 .rela.init     0x000000000000225c        0x0 ./User/AP3216C.o
 .rela.vector   0x000000000000225c        0x0 ./User/AP3216C.o
 .rela.text.handle_reset
                0x000000000000225c        0x0 ./User/AP3216C.o
 .rela.text._sbrk
                0x000000000000225c        0x0 ./User/AP3216C.o
 .rela.sdata.curbrk.5218
                0x000000000000225c        0x0 ./User/AP3216C.o
 .rela.text._vfprintf_r
                0x000000000000225c        0x0 ./User/AP3216C.o
 .rela.text._sbrk_r
                0x000000000000225c        0x0 ./User/AP3216C.o
 .rela.text._write_r
                0x000000000000225c        0x0 ./User/AP3216C.o
 .rela.text._close_r
                0x000000000000225c        0x0 ./User/AP3216C.o
 .rela.text._fstat_r
                0x000000000000225c        0x0 ./User/AP3216C.o
 .rela.text._isatty_r
                0x000000000000225c        0x0 ./User/AP3216C.o
 .rela.text._lseek_r
                0x000000000000225c        0x0 ./User/AP3216C.o
 .rela.text._read_r
                0x000000000000225c        0x0 ./User/AP3216C.o
 .rela.text._close
                0x000000000000225c        0x0 ./User/AP3216C.o
 .rela.text._fstat
                0x000000000000225c        0x0 ./User/AP3216C.o
 .rela.text._isatty
                0x000000000000225c        0x0 ./User/AP3216C.o
 .rela.text._lseek
                0x000000000000225c        0x0 ./User/AP3216C.o
 .rela.text._read
                0x000000000000225c        0x0 ./User/AP3216C.o

.fini           0x000000000000225c        0x0
 *(SORT_NONE(.fini))
                0x000000000000225c                . = ALIGN (0x4)
                [!provide]                        PROVIDE (_etext = .)
                [!provide]                        PROVIDE (_eitcm = .)

.preinit_array  0x000000000000225c        0x0
                [!provide]                        PROVIDE (__preinit_array_start = .)
 *(.preinit_array)
                [!provide]                        PROVIDE (__preinit_array_end = .)

.init_array     0x000000000000225c        0x0
                [!provide]                        PROVIDE (__init_array_start = .)
 *(SORT_BY_INIT_PRIORITY(.init_array.*) SORT_BY_INIT_PRIORITY(.ctors.*))
 *(.init_array EXCLUDE_FILE(*crtend?.o *crtend.o *crtbegin?.o *crtbegin.o) .ctors)
                [!provide]                        PROVIDE (__init_array_end = .)

.fini_array     0x000000000000225c        0x0
                [!provide]                        PROVIDE (__fini_array_start = .)
 *(SORT_BY_INIT_PRIORITY(.fini_array.*) SORT_BY_INIT_PRIORITY(.dtors.*))
 *(.fini_array EXCLUDE_FILE(*crtend?.o *crtend.o *crtbegin?.o *crtbegin.o) .dtors)
                [!provide]                        PROVIDE (__fini_array_end = .)

.ctors
 *crtbegin.o(.ctors)
 *crtbegin?.o(.ctors)
 *(EXCLUDE_FILE(*crtend?.o *crtend.o) .ctors)
 *(SORT_BY_NAME(.ctors.*))
 *(.ctors)

.dtors
 *crtbegin.o(.dtors)
 *crtbegin?.o(.dtors)
 *(EXCLUDE_FILE(*crtend?.o *crtend.o) .dtors)
 *(SORT_BY_NAME(.dtors.*))
 *(.dtors)

.dalign         0x0000000020000000        0x0 load address 0x000000000000225c
                0x0000000020000000                . = ALIGN (0x4)
                0x0000000020000000                PROVIDE (_data_vma = .)

.dlalign        0x000000000000225c        0x0
                0x000000000000225c                . = ALIGN (0x4)
                0x000000000000225c                PROVIDE (_data_lma = .)

.data           0x0000000020000000       0x98 load address 0x000000000000225c
 *(.gnu.linkonce.r.*)
 *(.data .data.*)
 .data.AHBPrescTable
                0x0000000020000000       0x10 ./User/system_ch32v30x.o
                0x0000000020000000                AHBPrescTable
 .data.APBAHBPrescTable
                0x0000000020000010       0x10 ./Peripheral/src/ch32v30x_rcc.o
 .data.impure_data
                0x0000000020000020       0x60 d:/mounriver/mounriver_studio/toolchain/risc-v embedded gcc/bin/../lib/gcc/riscv-none-embed/8.2.0/../../../../riscv-none-embed/lib/rv32imacxw/ilp32\libg_nano.a(lib_a-impure.o)
 *(.gnu.linkonce.d.*)
                0x0000000020000080                . = ALIGN (0x8)
                0x0000000020000880                PROVIDE (__global_pointer$ = (. + 0x800))
 *(.sdata .sdata.*)
 .sdata.SystemCoreClock
                0x0000000020000080        0x4 ./User/system_ch32v30x.o
                0x0000000020000080                SystemCoreClock
 .sdata.ADCPrescTable
                0x0000000020000084        0x4 ./Peripheral/src/ch32v30x_rcc.o
 .sdata.curbrk.5218
                0x0000000020000088        0x4 ./Debug/debug.o
 .sdata._impure_ptr
                0x000000002000008c        0x4 d:/mounriver/mounriver_studio/toolchain/risc-v embedded gcc/bin/../lib/gcc/riscv-none-embed/8.2.0/../../../../riscv-none-embed/lib/rv32imacxw/ilp32\libg_nano.a(lib_a-impure.o)
                0x000000002000008c                _impure_ptr
 *(.sdata2.*)
 .sdata2._global_impure_ptr
                0x0000000020000090        0x4 d:/mounriver/mounriver_studio/toolchain/risc-v embedded gcc/bin/../lib/gcc/riscv-none-embed/8.2.0/../../../../riscv-none-embed/lib/rv32imacxw/ilp32\libg_nano.a(lib_a-impure.o)
                0x0000000020000090                _global_impure_ptr
 *(.gnu.linkonce.s.*)
                0x0000000020000098                . = ALIGN (0x8)
 *fill*         0x0000000020000094        0x4 
 *(.srodata.cst16)
 *(.srodata.cst8)
 *(.srodata.cst4)
 *(.srodata.cst2)
 *(.srodata .srodata.*)
                0x0000000020000098                . = ALIGN (0x4)
                0x0000000020000098                PROVIDE (_edata = .)

.bss            0x0000000020000098       0x14 load address 0x00000000000022f4
                0x0000000020000098                . = ALIGN (0x4)
                0x0000000020000098                PROVIDE (_sbss = .)
 *(.sbss*)
 .sbss.NVIC_Priority_Group
                0x0000000020000098        0x4 ./Peripheral/src/ch32v30x_misc.o
                0x0000000020000098                NVIC_Priority_Group
 .sbss.p_ms     0x000000002000009c        0x2 ./Debug/debug.o
 .sbss.p_us     0x000000002000009e        0x1 ./Debug/debug.o
 *fill*         0x000000002000009f        0x1 
 .sbss.__malloc_free_list
                0x00000000200000a0        0x4 d:/mounriver/mounriver_studio/toolchain/risc-v embedded gcc/bin/../lib/gcc/riscv-none-embed/8.2.0/../../../../riscv-none-embed/lib/rv32imacxw/ilp32\libg_nano.a(lib_a-nano-mallocr.o)
                0x00000000200000a0                __malloc_free_list
 .sbss.__malloc_sbrk_start
                0x00000000200000a4        0x4 d:/mounriver/mounriver_studio/toolchain/risc-v embedded gcc/bin/../lib/gcc/riscv-none-embed/8.2.0/../../../../riscv-none-embed/lib/rv32imacxw/ilp32\libg_nano.a(lib_a-nano-mallocr.o)
                0x00000000200000a4                __malloc_sbrk_start
 *(.gnu.linkonce.sb.*)
 *(.bss*)
 *(.gnu.linkonce.b.*)
 *(COMMON*)
 COMMON         0x00000000200000a8        0x4 d:/mounriver/mounriver_studio/toolchain/risc-v embedded gcc/bin/../lib/gcc/riscv-none-embed/8.2.0/../../../../riscv-none-embed/lib/rv32imacxw/ilp32\libg_nano.a(lib_a-reent.o)
                0x00000000200000a8                errno
                0x00000000200000ac                . = ALIGN (0x4)
                0x00000000200000ac                PROVIDE (_ebss = .)
                0x00000000200000ac                PROVIDE (_end = _ebss)
                [!provide]                        PROVIDE (end = .)

.stack          0x0000000020007800      0x800
                0x0000000020007800                PROVIDE (_heap_end = .)
                0x0000000020007800                . = ALIGN (0x4)
                [!provide]                        PROVIDE (_susrstack = .)
                0x0000000020008000                . = (. + __stack_size)
 *fill*         0x0000000020007800      0x800 
                0x0000000020008000                PROVIDE (_eusrstack = .)
OUTPUT(3_IIC.elf elf32-littleriscv)

.debug_info     0x0000000000000000     0xb7d2
 .debug_info    0x0000000000000000      0xabe ./User/AP3216C.o
 .debug_info    0x0000000000000abe     0x1501 ./User/IIC.o
 .debug_info    0x0000000000001fbf      0x962 ./User/ch32v30x_it.o
 .debug_info    0x0000000000002921      0xb42 ./User/main.o
 .debug_info    0x0000000000003463      0xb89 ./User/system_ch32v30x.o
 .debug_info    0x0000000000003fec       0x22 ./Startup/startup_ch32v30x_D8C.o
 .debug_info    0x000000000000400e      0xa94 ./Peripheral/src/ch32v30x_dbgmcu.o
 .debug_info    0x0000000000004aa2     0x1093 ./Peripheral/src/ch32v30x_gpio.o
 .debug_info    0x0000000000005b35     0x1481 ./Peripheral/src/ch32v30x_i2c.o
 .debug_info    0x0000000000006fb6      0xf72 ./Peripheral/src/ch32v30x_misc.o
 .debug_info    0x0000000000007f28     0x156e ./Peripheral/src/ch32v30x_rcc.o
 .debug_info    0x0000000000009496     0x1420 ./Peripheral/src/ch32v30x_usart.o
 .debug_info    0x000000000000a8b6      0xf1c ./Debug/debug.o

.debug_abbrev   0x0000000000000000     0x2232
 .debug_abbrev  0x0000000000000000      0x280 ./User/AP3216C.o
 .debug_abbrev  0x0000000000000280      0x2dc ./User/IIC.o
 .debug_abbrev  0x000000000000055c      0x1cf ./User/ch32v30x_it.o
 .debug_abbrev  0x000000000000072b      0x237 ./User/main.o
 .debug_abbrev  0x0000000000000962      0x2c0 ./User/system_ch32v30x.o
 .debug_abbrev  0x0000000000000c22       0x12 ./Startup/startup_ch32v30x_D8C.o
 .debug_abbrev  0x0000000000000c34      0x2f7 ./Peripheral/src/ch32v30x_dbgmcu.o
 .debug_abbrev  0x0000000000000f2b      0x309 ./Peripheral/src/ch32v30x_gpio.o
 .debug_abbrev  0x0000000000001234      0x3a7 ./Peripheral/src/ch32v30x_i2c.o
 .debug_abbrev  0x00000000000015db      0x2fb ./Peripheral/src/ch32v30x_misc.o
 .debug_abbrev  0x00000000000018d6      0x351 ./Peripheral/src/ch32v30x_rcc.o
 .debug_abbrev  0x0000000000001c27      0x312 ./Peripheral/src/ch32v30x_usart.o
 .debug_abbrev  0x0000000000001f39      0x2f9 ./Debug/debug.o

.debug_loc      0x0000000000000000     0x271b
 .debug_loc     0x0000000000000000       0x9d ./User/AP3216C.o
 .debug_loc     0x000000000000009d      0x2d0 ./User/IIC.o
 .debug_loc     0x000000000000036d       0xda ./User/system_ch32v30x.o
 .debug_loc     0x0000000000000447       0x7c ./Peripheral/src/ch32v30x_dbgmcu.o
 .debug_loc     0x00000000000004c3      0x670 ./Peripheral/src/ch32v30x_gpio.o
 .debug_loc     0x0000000000000b33      0x70d ./Peripheral/src/ch32v30x_i2c.o
 .debug_loc     0x0000000000001240       0xce ./Peripheral/src/ch32v30x_misc.o
 .debug_loc     0x000000000000130e      0xadb ./Peripheral/src/ch32v30x_rcc.o
 .debug_loc     0x0000000000001de9      0x7bb ./Peripheral/src/ch32v30x_usart.o
 .debug_loc     0x00000000000025a4      0x177 ./Debug/debug.o

.debug_aranges  0x0000000000000000      0x628
 .debug_aranges
                0x0000000000000000       0x28 ./User/AP3216C.o
 .debug_aranges
                0x0000000000000028       0x48 ./User/IIC.o
 .debug_aranges
                0x0000000000000070       0x28 ./User/ch32v30x_it.o
 .debug_aranges
                0x0000000000000098       0x20 ./User/main.o
 .debug_aranges
                0x00000000000000b8       0x28 ./User/system_ch32v30x.o
 .debug_aranges
                0x00000000000000e0       0x30 ./Startup/startup_ch32v30x_D8C.o
 .debug_aranges
                0x0000000000000110       0x48 ./Peripheral/src/ch32v30x_dbgmcu.o
 .debug_aranges
                0x0000000000000158       0xa8 ./Peripheral/src/ch32v30x_gpio.o
 .debug_aranges
                0x0000000000000200      0x110 ./Peripheral/src/ch32v30x_i2c.o
 .debug_aranges
                0x0000000000000310       0x28 ./Peripheral/src/ch32v30x_misc.o
 .debug_aranges
                0x0000000000000338      0x1a8 ./Peripheral/src/ch32v30x_rcc.o
 .debug_aranges
                0x00000000000004e0      0x100 ./Peripheral/src/ch32v30x_usart.o
 .debug_aranges
                0x00000000000005e0       0x48 ./Debug/debug.o

.debug_ranges   0x0000000000000000      0x5e0
 .debug_ranges  0x0000000000000000       0x30 ./User/AP3216C.o
 .debug_ranges  0x0000000000000030       0x38 ./User/IIC.o
 .debug_ranges  0x0000000000000068       0x18 ./User/ch32v30x_it.o
 .debug_ranges  0x0000000000000080       0x10 ./User/main.o
 .debug_ranges  0x0000000000000090       0x38 ./User/system_ch32v30x.o
 .debug_ranges  0x00000000000000c8       0x28 ./Startup/startup_ch32v30x_D8C.o
 .debug_ranges  0x00000000000000f0       0x50 ./Peripheral/src/ch32v30x_dbgmcu.o
 .debug_ranges  0x0000000000000140       0x98 ./Peripheral/src/ch32v30x_gpio.o
 .debug_ranges  0x00000000000001d8      0x100 ./Peripheral/src/ch32v30x_i2c.o
 .debug_ranges  0x00000000000002d8       0x48 ./Peripheral/src/ch32v30x_misc.o
 .debug_ranges  0x0000000000000320      0x198 ./Peripheral/src/ch32v30x_rcc.o
 .debug_ranges  0x00000000000004b8       0xf0 ./Peripheral/src/ch32v30x_usart.o
 .debug_ranges  0x00000000000005a8       0x38 ./Debug/debug.o

.debug_line     0x0000000000000000     0x7674
 .debug_line    0x0000000000000000      0x40e ./User/AP3216C.o
 .debug_line    0x000000000000040e      0xaa2 ./User/IIC.o
 .debug_line    0x0000000000000eb0      0x225 ./User/ch32v30x_it.o
 .debug_line    0x00000000000010d5      0x40c ./User/main.o
 .debug_line    0x00000000000014e1      0x73f ./User/system_ch32v30x.o
 .debug_line    0x0000000000001c20      0x356 ./Startup/startup_ch32v30x_D8C.o
 .debug_line    0x0000000000001f76      0x371 ./Peripheral/src/ch32v30x_dbgmcu.o
 .debug_line    0x00000000000022e7      0xd30 ./Peripheral/src/ch32v30x_gpio.o
 .debug_line    0x0000000000003017     0x1129 ./Peripheral/src/ch32v30x_i2c.o
 .debug_line    0x0000000000004140      0x4bd ./Peripheral/src/ch32v30x_misc.o
 .debug_line    0x00000000000045fd     0x1975 ./Peripheral/src/ch32v30x_rcc.o
 .debug_line    0x0000000000005f72     0x1013 ./Peripheral/src/ch32v30x_usart.o
 .debug_line    0x0000000000006f85      0x6ef ./Debug/debug.o

.debug_str      0x0000000000000000     0x217c
 .debug_str     0x0000000000000000      0x587 ./User/AP3216C.o
                                        0x5f9 (size before relaxing)
 .debug_str     0x0000000000000587      0x3a7 ./User/IIC.o
                                        0x96d (size before relaxing)
 .debug_str     0x000000000000092e       0x34 ./User/ch32v30x_it.o
                                        0x5ac (size before relaxing)
 .debug_str     0x0000000000000962       0x9f ./User/main.o
                                        0x661 (size before relaxing)
 .debug_str     0x0000000000000a01       0xf5 ./User/system_ch32v30x.o
                                        0x6c2 (size before relaxing)
 .debug_str     0x0000000000000af6       0x2e ./Startup/startup_ch32v30x_D8C.o
                                         0x60 (size before relaxing)
 .debug_str     0x0000000000000b24       0x97 ./Peripheral/src/ch32v30x_dbgmcu.o
                                        0x63c (size before relaxing)
 .debug_str     0x0000000000000bbb      0x259 ./Peripheral/src/ch32v30x_gpio.o
                                        0x967 (size before relaxing)
 .debug_str     0x0000000000000e14      0x31a ./Peripheral/src/ch32v30x_i2c.o
                                        0xad6 (size before relaxing)
 .debug_str     0x000000000000112e      0x6a5 ./Peripheral/src/ch32v30x_misc.o
                                        0xcc1 (size before relaxing)
 .debug_str     0x00000000000017d3      0x514 ./Peripheral/src/ch32v30x_rcc.o
                                        0xcc0 (size before relaxing)
 .debug_str     0x0000000000001ce7      0x416 ./Peripheral/src/ch32v30x_usart.o
                                        0xb0d (size before relaxing)
 .debug_str     0x00000000000020fd       0x7f ./Debug/debug.o
                                        0x8f5 (size before relaxing)

.comment        0x0000000000000000       0x33
 .comment       0x0000000000000000       0x33 ./User/AP3216C.o
                                         0x34 (size before relaxing)
 .comment       0x0000000000000033       0x34 ./User/IIC.o
 .comment       0x0000000000000033       0x34 ./User/ch32v30x_it.o
 .comment       0x0000000000000033       0x34 ./User/main.o
 .comment       0x0000000000000033       0x34 ./User/system_ch32v30x.o
 .comment       0x0000000000000033       0x34 ./Peripheral/src/ch32v30x_dbgmcu.o
 .comment       0x0000000000000033       0x34 ./Peripheral/src/ch32v30x_gpio.o
 .comment       0x0000000000000033       0x34 ./Peripheral/src/ch32v30x_i2c.o
 .comment       0x0000000000000033       0x34 ./Peripheral/src/ch32v30x_misc.o
 .comment       0x0000000000000033       0x34 ./Peripheral/src/ch32v30x_rcc.o
 .comment       0x0000000000000033       0x34 ./Peripheral/src/ch32v30x_usart.o
 .comment       0x0000000000000033       0x34 ./Debug/debug.o

.debug_frame    0x0000000000000000     0x1564
 .debug_frame   0x0000000000000000       0x5c ./User/AP3216C.o
 .debug_frame   0x000000000000005c      0x12c ./User/IIC.o
 .debug_frame   0x0000000000000188       0x30 ./User/ch32v30x_it.o
 .debug_frame   0x00000000000001b8       0x2c ./User/main.o
 .debug_frame   0x00000000000001e4       0x3c ./User/system_ch32v30x.o
 .debug_frame   0x0000000000000220       0x70 ./Peripheral/src/ch32v30x_dbgmcu.o
 .debug_frame   0x0000000000000290      0x148 ./Peripheral/src/ch32v30x_gpio.o
 .debug_frame   0x00000000000003d8      0x264 ./Peripheral/src/ch32v30x_i2c.o
 .debug_frame   0x000000000000063c       0x30 ./Peripheral/src/ch32v30x_misc.o
 .debug_frame   0x000000000000066c      0x344 ./Peripheral/src/ch32v30x_rcc.o
 .debug_frame   0x00000000000009b0      0x204 ./Peripheral/src/ch32v30x_usart.o
 .debug_frame   0x0000000000000bb4       0x9c ./Debug/debug.o
 .debug_frame   0x0000000000000c50       0x54 d:/mounriver/mounriver_studio/toolchain/risc-v embedded gcc/bin/../lib/gcc/riscv-none-embed/8.2.0/../../../../riscv-none-embed/lib/rv32imacxw/ilp32\libg_nano.a(lib_a-printf.o)
 .debug_frame   0x0000000000000ca4       0x54 d:/mounriver/mounriver_studio/toolchain/risc-v embedded gcc/bin/../lib/gcc/riscv-none-embed/8.2.0/../../../../riscv-none-embed/lib/rv32imacxw/ilp32\libg_nano.a(lib_a-puts.o)
 .debug_frame   0x0000000000000cf8       0x50 d:/mounriver/mounriver_studio/toolchain/risc-v embedded gcc/bin/../lib/gcc/riscv-none-embed/8.2.0/../../../../riscv-none-embed/lib/rv32imacxw/ilp32\libg_nano.a(lib_a-wbuf.o)
 .debug_frame   0x0000000000000d48       0x3c d:/mounriver/mounriver_studio/toolchain/risc-v embedded gcc/bin/../lib/gcc/riscv-none-embed/8.2.0/../../../../riscv-none-embed/lib/rv32imacxw/ilp32\libg_nano.a(lib_a-wsetup.o)
 .debug_frame   0x0000000000000d84       0x7c d:/mounriver/mounriver_studio/toolchain/risc-v embedded gcc/bin/../lib/gcc/riscv-none-embed/8.2.0/../../../../riscv-none-embed/lib/rv32imacxw/ilp32\libg_nano.a(lib_a-fflush.o)
 .debug_frame   0x0000000000000e00      0x148 d:/mounriver/mounriver_studio/toolchain/risc-v embedded gcc/bin/../lib/gcc/riscv-none-embed/8.2.0/../../../../riscv-none-embed/lib/rv32imacxw/ilp32\libg_nano.a(lib_a-findfp.o)
 .debug_frame   0x0000000000000f48       0x88 d:/mounriver/mounriver_studio/toolchain/risc-v embedded gcc/bin/../lib/gcc/riscv-none-embed/8.2.0/../../../../riscv-none-embed/lib/rv32imacxw/ilp32\libg_nano.a(lib_a-fwalk.o)
 .debug_frame   0x0000000000000fd0       0x64 d:/mounriver/mounriver_studio/toolchain/risc-v embedded gcc/bin/../lib/gcc/riscv-none-embed/8.2.0/../../../../riscv-none-embed/lib/rv32imacxw/ilp32\libg_nano.a(lib_a-makebuf.o)
 .debug_frame   0x0000000000001034       0x40 d:/mounriver/mounriver_studio/toolchain/risc-v embedded gcc/bin/../lib/gcc/riscv-none-embed/8.2.0/../../../../riscv-none-embed/lib/rv32imacxw/ilp32\libg_nano.a(lib_a-nano-freer.o)
 .debug_frame   0x0000000000001074       0x40 d:/mounriver/mounriver_studio/toolchain/risc-v embedded gcc/bin/../lib/gcc/riscv-none-embed/8.2.0/../../../../riscv-none-embed/lib/rv32imacxw/ilp32\libg_nano.a(lib_a-nano-mallocr.o)
 .debug_frame   0x00000000000010b4       0xd0 d:/mounriver/mounriver_studio/toolchain/risc-v embedded gcc/bin/../lib/gcc/riscv-none-embed/8.2.0/../../../../riscv-none-embed/lib/rv32imacxw/ilp32\libg_nano.a(lib_a-nano-vfprintf.o)
 .debug_frame   0x0000000000001184       0x8c d:/mounriver/mounriver_studio/toolchain/risc-v embedded gcc/bin/../lib/gcc/riscv-none-embed/8.2.0/../../../../riscv-none-embed/lib/rv32imacxw/ilp32\libg_nano.a(lib_a-nano-vfprintf_i.o)
 .debug_frame   0x0000000000001210       0x30 d:/mounriver/mounriver_studio/toolchain/risc-v embedded gcc/bin/../lib/gcc/riscv-none-embed/8.2.0/../../../../riscv-none-embed/lib/rv32imacxw/ilp32\libg_nano.a(lib_a-sbrkr.o)
 .debug_frame   0x0000000000001240       0xa4 d:/mounriver/mounriver_studio/toolchain/risc-v embedded gcc/bin/../lib/gcc/riscv-none-embed/8.2.0/../../../../riscv-none-embed/lib/rv32imacxw/ilp32\libg_nano.a(lib_a-stdio.o)
 .debug_frame   0x00000000000012e4       0x30 d:/mounriver/mounriver_studio/toolchain/risc-v embedded gcc/bin/../lib/gcc/riscv-none-embed/8.2.0/../../../../riscv-none-embed/lib/rv32imacxw/ilp32\libg_nano.a(lib_a-writer.o)
 .debug_frame   0x0000000000001314       0x30 d:/mounriver/mounriver_studio/toolchain/risc-v embedded gcc/bin/../lib/gcc/riscv-none-embed/8.2.0/../../../../riscv-none-embed/lib/rv32imacxw/ilp32\libg_nano.a(lib_a-closer.o)
 .debug_frame   0x0000000000001344       0x30 d:/mounriver/mounriver_studio/toolchain/risc-v embedded gcc/bin/../lib/gcc/riscv-none-embed/8.2.0/../../../../riscv-none-embed/lib/rv32imacxw/ilp32\libg_nano.a(lib_a-fstatr.o)
 .debug_frame   0x0000000000001374       0x30 d:/mounriver/mounriver_studio/toolchain/risc-v embedded gcc/bin/../lib/gcc/riscv-none-embed/8.2.0/../../../../riscv-none-embed/lib/rv32imacxw/ilp32\libg_nano.a(lib_a-isattyr.o)
 .debug_frame   0x00000000000013a4       0x30 d:/mounriver/mounriver_studio/toolchain/risc-v embedded gcc/bin/../lib/gcc/riscv-none-embed/8.2.0/../../../../riscv-none-embed/lib/rv32imacxw/ilp32\libg_nano.a(lib_a-lseekr.o)
 .debug_frame   0x00000000000013d4       0x20 d:/mounriver/mounriver_studio/toolchain/risc-v embedded gcc/bin/../lib/gcc/riscv-none-embed/8.2.0/../../../../riscv-none-embed/lib/rv32imacxw/ilp32\libg_nano.a(lib_a-memchr.o)
 .debug_frame   0x00000000000013f4       0x30 d:/mounriver/mounriver_studio/toolchain/risc-v embedded gcc/bin/../lib/gcc/riscv-none-embed/8.2.0/../../../../riscv-none-embed/lib/rv32imacxw/ilp32\libg_nano.a(lib_a-mlock.o)
 .debug_frame   0x0000000000001424       0x30 d:/mounriver/mounriver_studio/toolchain/risc-v embedded gcc/bin/../lib/gcc/riscv-none-embed/8.2.0/../../../../riscv-none-embed/lib/rv32imacxw/ilp32\libg_nano.a(lib_a-readr.o)
 .debug_frame   0x0000000000001454       0x70 d:/mounriver/mounriver_studio/toolchain/risc-v embedded gcc/bin/../lib/gcc/riscv-none-embed/8.2.0/../../../../riscv-none-embed/lib/rv32imacxw/ilp32\libg_nano.a(lib_a-reent.o)
 .debug_frame   0x00000000000014c4       0x20 d:/mounriver/mounriver_studio/toolchain/risc-v embedded gcc/bin/../lib/gcc/riscv-none-embed/8.2.0/../../../../riscv-none-embed/lib/rv32imacxw/ilp32\libnosys.a(close.o)
 .debug_frame   0x00000000000014e4       0x20 d:/mounriver/mounriver_studio/toolchain/risc-v embedded gcc/bin/../lib/gcc/riscv-none-embed/8.2.0/../../../../riscv-none-embed/lib/rv32imacxw/ilp32\libnosys.a(fstat.o)
 .debug_frame   0x0000000000001504       0x20 d:/mounriver/mounriver_studio/toolchain/risc-v embedded gcc/bin/../lib/gcc/riscv-none-embed/8.2.0/../../../../riscv-none-embed/lib/rv32imacxw/ilp32\libnosys.a(isatty.o)
 .debug_frame   0x0000000000001524       0x20 d:/mounriver/mounriver_studio/toolchain/risc-v embedded gcc/bin/../lib/gcc/riscv-none-embed/8.2.0/../../../../riscv-none-embed/lib/rv32imacxw/ilp32\libnosys.a(lseek.o)
 .debug_frame   0x0000000000001544       0x20 d:/mounriver/mounriver_studio/toolchain/risc-v embedded gcc/bin/../lib/gcc/riscv-none-embed/8.2.0/../../../../riscv-none-embed/lib/rv32imacxw/ilp32\libnosys.a(read.o)

.stab           0x0000000000000000       0x84
 .stab          0x0000000000000000       0x24 d:/mounriver/mounriver_studio/toolchain/risc-v embedded gcc/bin/../lib/gcc/riscv-none-embed/8.2.0/../../../../riscv-none-embed/lib/rv32imacxw/ilp32\libnosys.a(close.o)
 .stab          0x0000000000000024       0x18 d:/mounriver/mounriver_studio/toolchain/risc-v embedded gcc/bin/../lib/gcc/riscv-none-embed/8.2.0/../../../../riscv-none-embed/lib/rv32imacxw/ilp32\libnosys.a(fstat.o)
                                         0x24 (size before relaxing)
 .stab          0x000000000000003c       0x18 d:/mounriver/mounriver_studio/toolchain/risc-v embedded gcc/bin/../lib/gcc/riscv-none-embed/8.2.0/../../../../riscv-none-embed/lib/rv32imacxw/ilp32\libnosys.a(isatty.o)
                                         0x24 (size before relaxing)
 .stab          0x0000000000000054       0x18 d:/mounriver/mounriver_studio/toolchain/risc-v embedded gcc/bin/../lib/gcc/riscv-none-embed/8.2.0/../../../../riscv-none-embed/lib/rv32imacxw/ilp32\libnosys.a(lseek.o)
                                         0x24 (size before relaxing)
 .stab          0x000000000000006c       0x18 d:/mounriver/mounriver_studio/toolchain/risc-v embedded gcc/bin/../lib/gcc/riscv-none-embed/8.2.0/../../../../riscv-none-embed/lib/rv32imacxw/ilp32\libnosys.a(read.o)
                                         0x24 (size before relaxing)

.stabstr        0x0000000000000000      0x117
 .stabstr       0x0000000000000000      0x117 d:/mounriver/mounriver_studio/toolchain/risc-v embedded gcc/bin/../lib/gcc/riscv-none-embed/8.2.0/../../../../riscv-none-embed/lib/rv32imacxw/ilp32\libnosys.a(close.o)
